2026-09-11 09:44:09 | INFO | Filtro de IA treinado com 371 trades | ponto de equilíbrio 25% + margem 5% = veta abaixo de 30% | acurácia CV ≈ 62.5%.
2026-09-11 09:44:09 | INFO | Iniciando operação | WINV26 M5 | estratégia=contracao_nr_4 | stop=1.0xATR alvo=4.0xATR | contratos=1 | modo=REAL
2026-09-11 09:44:09 | INFO | Conta 59298610 (VITOR MACHADO BLUME) @ XPMT5-DEMO | Saldo: 1000487.00 BRL | Patrimônio: 1000487.00
2026-09-11 09:44:09 | INFO | Distância mínima de stop/alvo: 0 pontos | um trade por vez: não
2026-09-11 09:44:09 | INFO | Pressione Ctrl+C para encerrar.
2026-09-11 09:44:09 | INFO | 2026-09-11 09:35:00 | sem sinal | fechamento 189375.00
2026-09-11 09:44:59 | INFO | 2026-09-11 09:40:00 | sem sinal | fechamento 189150.00
2026-09-11 09:49:59 | INFO | 2026-09-11 09:45:00 | sem sinal | fechamento 189225.00
2026-09-11 09:54:59 | INFO | 2026-09-11 09:50:00 | sem sinal | fechamento 189235.00
2026-09-11 10:00:00 | INFO | IA aprovou o sinal (p=0.30 ≥ 0.30).
2026-09-11 10:00:00 | INFO | Sinal COMPRA em 2026-09-11 09:55:00 | ref=190050.00 stop=189680.34 alvo=191528.64
2026-09-11 10:00:00 | INFO | [MT5] Ordem executada: COMPRA 1 WINV26 @ 190050.0 stop=189680.0 alvo=191530.0 ticket=2524645840
2026-09-11 10:10:00 | INFO | 2026-09-11 10:05:00 | sem sinal | fechamento 189755.00
2026-09-11 10:15:00 | INFO | 2026-09-11 10:10:00 | sem sinal | fechamento 189430.00
2026-09-11 10:20:00 | INFO | 2026-09-11 10:15:00 | sem sinal | fechamento 189500.00
2026-09-11 10:25:01 | INFO | 2026-09-11 10:20:00 | sem sinal | fechamento 189595.00
2026-09-11 10:30:01 | INFO | IA aprovou o sinal (p=0.43 ≥ 0.30).
2026-09-11 10:30:01 | INFO | Sinal COMPRA em 2026-09-11 10:25:00 | ref=189645.00 stop=189209.64 alvo=191386.46
2026-09-11 10:30:01 | INFO | [MT5] Ordem executada: COMPRA 1 WINV26 @ 189650.0 stop=189210.0 alvo=191385.0 ticket=2524812621
2026-09-11 10:35:02 | INFO | 2026-09-11 10:30:00 | sem sinal | fechamento 189430.00
2026-09-11 10:40:02 | INFO | 2026-09-11 10:35:00 | sem sinal | fechamento 189245.00
2026-09-11 10:45:02 | INFO | 2026-09-11 10:40:00 | sem sinal | fechamento 189245.00
2026-09-11 10:50:02 | INFO | 2026-09-11 10:45:00 | sem sinal | fechamento 189200.00
2026-09-11 10:55:02 | INFO | 2026-09-11 10:50:00 | sem sinal | fechamento 189225.00
2026-09-11 11:00:03 | INFO | 2026-09-11 10:55:00 | sem sinal | fechamento 189370.00
2026-09-11 11:05:03 | INFO | IA aprovou o sinal (p=0.46 ≥ 0.30).
2026-09-11 11:05:03 | INFO | Sinal VENDA em 2026-09-11 11:00:00 | ref=188960.00 stop=189436.20 alvo=187055.20
2026-09-11 11:05:03 | INFO | [MT5] Ordem executada: VENDA 1 WINV26 @ 188960.0 stop=189435.0 alvo=187055.0 ticket=2524972604
2026-09-11 11:09:28 | WARNING | 7 candle(s) não processado(s) entre 2026-09-11 11:00:00 e 2026-09-11 11:08:00; sinais desse intervalo foram perdidos (reduza o intervalo ou a carga do processo).
2026-09-11 11:10:43 | INFO | Operação encerrada.
2026-09-11 11:16:24 | INFO | Filtro de IA treinado com 733 trades | ponto de equilíbrio 32% + margem 5% = veta abaixo de 37% | acurácia CV ≈ 60.6%.
2026-09-11 11:16:24 | INFO | Iniciando operação | WINV26 M1 | estratégia=pin_bar_20 | stop=1.0xATR alvo=2.0xATR | contratos=1 | modo=REAL
2026-09-11 11:16:24 | INFO | Conta 59298610 (VITOR MACHADO BLUME) @ XPMT5-DEMO | Saldo: 1000277.00 BRL | Patrimônio: 1000277.00
2026-09-11 11:16:24 | INFO | Distância mínima de stop/alvo: 0 pontos | um trade por vez: não
2026-09-11 11:16:24 | INFO | Pressione Ctrl+C para encerrar.
2026-09-11 11:16:24 | INFO | 2026-09-11 11:15:00 | sem sinal | fechamento 189150.00
2026-09-11 11:17:04 | INFO | 2026-09-11 11:16:00 | sem sinal | fechamento 189020.00
2026-09-11 11:17:59 | INFO | 2026-09-11 11:17:00 | sem sinal | fechamento 189095.00
2026-09-11 11:19:00 | INFO | 2026-09-11 11:18:00 | sem sinal | fechamento 189180.00
2026-09-11 11:20:01 | INFO | 2026-09-11 11:19:00 | sem sinal | fechamento 189305.00
2026-09-11 11:21:02 | INFO | 2026-09-11 11:20:00 | sem sinal | fechamento 189225.00
2026-09-11 11:22:02 | INFO | 2026-09-11 11:21:00 | sem sinal | fechamento 189240.00
2026-09-11 11:23:02 | INFO | 2026-09-11 11:22:00 | sem sinal | fechamento 189225.00
2026-09-11 11:24:02 | INFO | 2026-09-11 11:23:00 | sem sinal | fechamento 189065.00
2026-09-11 11:24:55 | INFO | Operação encerrada.
2026-09-11 11:28:48 | INFO | Filtro de IA treinado com 733 trades | ponto de equilíbrio 32% + margem 5% = veta abaixo de 37% | acurácia CV ≈ 60.6%.
2026-09-11 11:28:48 | INFO | Iniciando operação | WINV26 M1 | estratégia=pin_bar_20 | stop=1.0xATR alvo=2.0xATR | contratos=1 | modo=REAL
2026-09-11 11:28:48 | INFO | Conta 59298610 (VITOR MACHADO BLUME) @ XPMT5-DEMO | Saldo: 1000277.00 BRL | Patrimônio: 1000277.00
2026-09-11 11:28:48 | INFO | Distância mínima de stop/alvo: 0 pontos | um trade por vez: não
2026-09-11 11:28:48 | INFO | Pressione Ctrl+C para encerrar.
2026-09-11 11:28:48 | INFO | 2026-09-11 11:27:00 | sem sinal | fechamento 188770.00
2026-09-11 11:29:03 | INFO | 2026-09-11 11:28:00 | sem sinal | fechamento 188780.00
2026-09-11 11:30:04 | INFO | 2026-09-11 11:29:00 | sem sinal | fechamento 188875.00
2026-09-11 11:30:59 | INFO | 2026-09-11 11:30:00 | sem sinal | fechamento 188945.00
2026-09-11 11:31:59 | INFO | 2026-09-11 11:31:00 | sem sinal | fechamento 188915.00
2026-09-11 11:32:59 | INFO | 2026-09-11 11:32:00 | sem sinal | fechamento 188935.00
2026-09-11 11:33:04 | INFO | Operação encerrada.
2026-09-11 11:33:13 | INFO | Filtro de IA treinado com 228 trades | ponto de equilíbrio 39% + margem 5% = veta abaixo de 44% | acurácia CV ≈ 54.8%.
2026-09-11 11:33:13 | INFO | Iniciando operação | WINV26 M1 | estratégia=pullback_ema_100_7 | stop=1.0xATR alvo=1.5xATR | contratos=1 | modo=REAL
2026-09-11 11:33:13 | INFO | Conta 59298610 (VITOR MACHADO BLUME) @ XPMT5-DEMO | Saldo: 1000277.00 BRL | Patrimônio: 1000277.00
2026-09-11 11:33:13 | INFO | Distância mínima de stop/alvo: 0 pontos | um trade por vez: não
2026-09-11 11:33:13 | INFO | Pressione Ctrl+C para encerrar.
2026-09-11 11:33:13 | INFO | 2026-09-11 11:32:00 | sem sinal | fechamento 188935.00
2026-09-11 11:34:03 | INFO | 2026-09-11 11:33:00 | sem sinal | fechamento 188870.00
2026-09-11 11:35:03 | INFO | 2026-09-11 11:34:00 | sem sinal | fechamento 188885.00
2026-09-11 11:36:03 | INFO | 2026-09-11 11:35:00 | sem sinal | fechamento 188805.00
2026-09-11 11:36:14 | INFO | Operação encerrada.
2026-09-11 11:36:20 | INFO | Filtro de IA treinado com 304 trades | ponto de equilíbrio 62% + margem 5% = veta abaixo de 67% | acurácia CV ≈ 66.1%.
2026-09-11 11:36:20 | INFO | Iniciando operação | WINV26 M1 | estratégia=sar_parabolico_0p01_0p1 | stop=2.0xATR alvo=1.0xATR | contratos=1 | modo=REAL
2026-09-11 11:36:20 | INFO | Conta 59298610 (VITOR MACHADO BLUME) @ XPMT5-DEMO | Saldo: 1000277.00 BRL | Patrimônio: 1000277.00
2026-09-11 11:36:20 | INFO | Distância mínima de stop/alvo: 0 pontos | um trade por vez: não
2026-09-11 11:36:20 | INFO | Pressione Ctrl+C para encerrar.
2026-09-11 11:36:20 | INFO | 2026-09-11 11:35:00 | sem sinal | fechamento 188805.00
2026-09-11 11:37:00 | INFO | 2026-09-11 11:36:00 | sem sinal | fechamento 188710.00
2026-09-11 11:38:00 | INFO | 2026-09-11 11:37:00 | sem sinal | fechamento 188685.00
2026-09-11 11:39:00 | INFO | 2026-09-11 11:38:00 | sem sinal | fechamento 188600.00
2026-09-11 11:40:00 | INFO | 2026-09-11 11:39:00 | sem sinal | fechamento 188715.00
2026-09-11 11:41:00 | INFO | 2026-09-11 11:40:00 | sem sinal | fechamento 188720.00
2026-09-11 11:42:00 | INFO | 2026-09-11 11:41:00 | sem sinal | fechamento 188830.00
2026-09-11 11:43:00 | INFO | 2026-09-11 11:42:00 | sem sinal | fechamento 188785.00
2026-09-11 11:44:00 | INFO | 2026-09-11 11:43:00 | sem sinal | fechamento 188845.00
2026-09-11 11:45:00 | INFO | 2026-09-11 11:44:00 | sem sinal | fechamento 188900.00
2026-09-11 11:46:00 | INFO | Sinal COMPRA vetado pela IA (p=0.61 < 0.67).
2026-09-11 11:47:00 | INFO | 2026-09-11 11:46:00 | sem sinal | fechamento 189215.00
2026-09-11 11:47:19 | INFO | Operação encerrada.
2026-09-11 11:55:22 | INFO | Filtro de IA treinado com 740 trades | ponto de equilíbrio 20% + margem 5% = veta abaixo de 25% | acurácia CV ≈ 74.3%.
2026-09-11 11:55:22 | INFO | Iniciando operação | WINV26 M1 | estratégia=engolfo_50 | stop=1.0xATR alvo=4.0xATR | contratos=1 | modo=REAL
2026-09-11 11:55:22 | INFO | Conta 59298610 (VITOR MACHADO BLUME) @ XPMT5-DEMO | Saldo: 1000277.00 BRL | Patrimônio: 1000277.00
2026-09-11 11:55:22 | INFO | Distância mínima de stop/alvo: 0 pontos | um trade por vez: não
2026-09-11 11:55:22 | INFO | Pressione Ctrl+C para encerrar.
2026-09-11 11:55:22 | INFO | Sinal COMPRA vetado pela IA (p=0.23 < 0.25).
2026-09-11 11:56:02 | INFO | 2026-09-11 11:55:00 | sem sinal | fechamento 189330.00
2026-09-11 11:57:02 | INFO | 2026-09-11 11:56:00 | sem sinal | fechamento 189345.00
2026-09-11 11:58:02 | INFO | 2026-09-11 11:57:00 | sem sinal | fechamento 189390.00
2026-09-11 11:59:03 | INFO | 2026-09-11 11:58:00 | sem sinal | fechamento 189305.00
2026-09-11 12:00:03 | INFO | 2026-09-11 11:59:00 | sem sinal | fechamento 189335.00
2026-09-11 12:01:03 | INFO | 2026-09-11 12:00:00 | sem sinal | fechamento 189405.00
2026-09-11 12:02:03 | INFO | 2026-09-11 12:01:00 | sem sinal | fechamento 189445.00
2026-09-11 12:03:03 | INFO | 2026-09-11 12:02:00 | sem sinal | fechamento 189555.00
2026-09-11 12:04:03 | INFO | 2026-09-11 12:03:00 | sem sinal | fechamento 189500.00
2026-09-11 12:05:03 | INFO | 2026-09-11 12:04:00 | sem sinal | fechamento 189290.00
2026-09-11 12:06:03 | INFO | 2026-09-11 12:05:00 | sem sinal | fechamento 189325.00
2026-09-11 12:07:03 | INFO | 2026-09-11 12:06:00 | sem sinal | fechamento 189370.00
2026-09-11 12:08:03 | INFO | 2026-09-11 12:07:00 | sem sinal | fechamento 189275.00
2026-09-11 12:09:03 | INFO | 2026-09-11 12:08:00 | sem sinal | fechamento 189200.00
2026-09-11 12:10:03 | INFO | 2026-09-11 12:09:00 | sem sinal | fechamento 189200.00
2026-09-11 12:11:03 | INFO | 2026-09-11 12:10:00 | sem sinal | fechamento 189210.00
2026-09-11 12:12:03 | INFO | Sinal VENDA vetado pela IA (p=0.22 < 0.25).
2026-09-11 12:13:03 | INFO | 2026-09-11 12:12:00 | sem sinal | fechamento 189075.00
2026-09-11 12:14:03 | INFO | 2026-09-11 12:13:00 | sem sinal | fechamento 189095.00
2026-09-11 12:15:03 | INFO | 2026-09-11 12:14:00 | sem sinal | fechamento 189090.00
2026-09-11 12:16:03 | INFO | Sinal COMPRA vetado pela IA (p=0.23 < 0.25).
2026-09-11 12:17:03 | INFO | 2026-09-11 12:16:00 | sem sinal | fechamento 189220.00
2026-09-11 12:18:03 | INFO | 2026-09-11 12:17:00 | sem sinal | fechamento 189270.00
2026-09-11 12:19:03 | INFO | 2026-09-11 12:18:00 | sem sinal | fechamento 189265.00
2026-09-11 12:20:03 | INFO | Sinal COMPRA vetado pela IA (p=0.23 < 0.25).
2026-09-11 12:21:03 | INFO | 2026-09-11 12:20:00 | sem sinal | fechamento 189415.00
2026-09-11 12:22:03 | INFO | 2026-09-11 12:21:00 | sem sinal | fechamento 189355.00
2026-09-11 12:23:03 | INFO | 2026-09-11 12:22:00 | sem sinal | fechamento 189410.00
2026-09-11 12:24:03 | INFO | 2026-09-11 12:23:00 | sem sinal | fechamento 189385.00
2026-09-11 12:25:04 | INFO | 2026-09-11 12:24:00 | sem sinal | fechamento 189390.00
2026-09-11 12:26:04 | INFO | 2026-09-11 12:25:00 | sem sinal | fechamento 189400.00
2026-09-11 12:27:04 | INFO | 2026-09-11 12:26:00 | sem sinal | fechamento 189390.00
2026-09-11 12:28:04 | INFO | 2026-09-11 12:27:00 | sem sinal | fechamento 189360.00
2026-09-11 12:29:04 | INFO | Sinal COMPRA vetado pela IA (p=0.18 < 0.25).
2026-09-11 12:30:04 | INFO | 2026-09-11 12:29:00 | sem sinal | fechamento 189355.00
2026-09-11 12:31:04 | INFO | 2026-09-11 12:30:00 | sem sinal | fechamento 189450.00
2026-09-11 12:32:04 | INFO | 2026-09-11 12:31:00 | sem sinal | fechamento 189420.00
2026-09-11 12:33:04 | INFO | Sinal COMPRA vetado pela IA (p=0.20 < 0.25).
2026-09-11 12:34:04 | INFO | 2026-09-11 12:33:00 | sem sinal | fechamento 189445.00
2026-09-11 12:35:04 | INFO | 2026-09-11 12:34:00 | sem sinal | fechamento 189415.00
2026-09-11 12:35:59 | INFO | 2026-09-11 12:35:00 | sem sinal | fechamento 189435.00
2026-09-11 12:36:59 | INFO | 2026-09-11 12:36:00 | sem sinal | fechamento 189355.00
2026-09-11 12:38:04 | INFO | 2026-09-11 12:37:00 | sem sinal | fechamento 189370.00
2026-09-11 12:38:59 | INFO | 2026-09-11 12:38:00 | sem sinal | fechamento 189370.00
2026-09-11 12:39:59 | INFO | 2026-09-11 12:39:00 | sem sinal | fechamento 189400.00
2026-09-11 12:40:59 | INFO | 2026-09-11 12:40:00 | sem sinal | fechamento 189470.00
2026-09-11 12:42:00 | INFO | 2026-09-11 12:41:00 | sem sinal | fechamento 189420.00
2026-09-11 12:43:00 | INFO | 2026-09-11 12:42:00 | sem sinal | fechamento 189410.00
2026-09-11 12:44:00 | INFO | Sinal COMPRA vetado pela IA (p=0.18 < 0.25).
2026-09-11 12:45:00 | INFO | 2026-09-11 12:44:00 | sem sinal | fechamento 189445.00
2026-09-11 12:45:48 | INFO | Operação encerrada.
2026-09-11 12:45:54 | INFO | Filtro de IA treinado com 1487 trades | ponto de equilíbrio 52% + margem 5% = veta abaixo de 57% | acurácia CV ≈ 53.3%.
2026-09-11 12:45:54 | INFO | Iniciando operação | WINV26 M1 | estratégia=tres_soldados | stop=3.0xATR alvo=1.5xATR | contratos=1 | modo=REAL
2026-09-11 12:45:54 | INFO | Conta 59298610 (VITOR MACHADO BLUME) @ XPMT5-DEMO | Saldo: 1000277.00 BRL | Patrimônio: 1000277.00
2026-09-11 12:45:54 | INFO | Distância mínima de stop/alvo: 0 pontos | um trade por vez: não
2026-09-11 12:45:54 | INFO | Pressione Ctrl+C para encerrar.
2026-09-11 12:45:54 | INFO | 2026-09-11 12:44:00 | sem sinal | fechamento 189445.00
2026-09-11 12:45:59 | INFO | 2026-09-11 12:45:00 | sem sinal | fechamento 189440.00
2026-09-11 12:46:59 | INFO | Sinal VENDA vetado pela IA (p=0.50 < 0.57).
2026-09-11 12:47:59 | INFO | Sinal VENDA vetado pela IA (p=0.56 < 0.57).
2026-09-11 12:48:59 | INFO | 2026-09-11 12:48:00 | sem sinal | fechamento 189405.00
2026-09-11 12:49:59 | INFO | 2026-09-11 12:49:00 | sem sinal | fechamento 189495.00
2026-09-11 12:50:59 | INFO | 2026-09-11 12:50:00 | sem sinal | fechamento 189495.00
2026-09-11 12:51:59 | INFO | 2026-09-11 12:51:00 | sem sinal | fechamento 189430.00
2026-09-11 12:52:59 | INFO | 2026-09-11 12:52:00 | sem sinal | fechamento 189270.00
2026-09-11 12:53:59 | INFO | Sinal VENDA vetado pela IA (p=0.52 < 0.57).
2026-09-11 12:54:59 | INFO | 2026-09-11 12:54:00 | sem sinal | fechamento 189260.00
2026-09-11 12:55:59 | INFO | 2026-09-11 12:55:00 | sem sinal | fechamento 189215.00
2026-09-11 12:57:00 | INFO | 2026-09-11 12:56:00 | sem sinal | fechamento 189250.00
2026-09-11 12:58:00 | INFO | 2026-09-11 12:57:00 | sem sinal | fechamento 189275.00
2026-09-11 12:59:00 | INFO | Sinal COMPRA vetado pela IA (p=0.50 < 0.57).
2026-09-11 13:00:00 | INFO | Sinal COMPRA vetado pela IA (p=0.50 < 0.57).
2026-09-11 13:01:00 | INFO | Sinal COMPRA vetado pela IA (p=0.52 < 0.57).
2026-09-11 13:02:00 | INFO | 2026-09-11 13:01:00 | sem sinal | fechamento 189320.00
2026-09-11 13:03:00 | INFO | 2026-09-11 13:02:00 | sem sinal | fechamento 189370.00
2026-09-11 13:04:00 | INFO | 2026-09-11 13:03:00 | sem sinal | fechamento 189355.00
2026-09-11 13:05:00 | INFO | 2026-09-11 13:04:00 | sem sinal | fechamento 189550.00
2026-09-11 13:06:00 | INFO | 2026-09-11 13:05:00 | sem sinal | fechamento 189490.00
2026-09-11 13:07:00 | INFO | 2026-09-11 13:06:00 | sem sinal | fechamento 189375.00
2026-09-11 13:08:00 | INFO | 2026-09-11 13:07:00 | sem sinal | fechamento 189380.00
2026-09-11 13:09:00 | INFO | 2026-09-11 13:08:00 | sem sinal | fechamento 189380.00
2026-09-11 13:10:00 | INFO | 2026-09-11 13:09:00 | sem sinal | fechamento 189455.00
2026-09-11 13:11:00 | INFO | 2026-09-11 13:10:00 | sem sinal | fechamento 189540.00
2026-09-11 13:12:00 | INFO | IA aprovou o sinal (p=0.60 ≥ 0.57).
2026-09-11 13:12:00 | INFO | Sinal COMPRA em 2026-09-11 13:11:00 | ref=189560.00 stop=189233.36 alvo=189723.32
2026-09-11 13:12:00 | INFO | [MT5] Ordem executada: COMPRA 1 WINV26 @ 189560.0 stop=189235.0 alvo=189725.0 ticket=2525233907
2026-09-11 13:21:55 | INFO | Operação encerrada.
